// Jest Snapshot v1, https://goo.gl/fbAQLP

exports[`When rendered then the HTML matches this snapshot 1`] = `
.c1 {
  -webkit-user-select: none;
  -moz-user-select: none;
  -ms-user-select: none;
  user-select: none;
  color: #191919;
  font-size: 0.9rem;
}

.c2 {
  width: 100%;
  border: 1px solid #DAE5EC;
  background-color: white;
  border-radius: 0.25rem;
  line-height: 1.3em;
  font-size: 0.9rem;
  text-indent: 0.8rem;
  padding: 0;
  box-sizing: border-box;
  font-family: Roboto,Arial,Helvetica,sans-serif;
  color: #191919;
  height: 2.5rem;
}

.c3 {
  line-height: 0.9rem;
  padding-bottom: 1rem;
  padding-top: 0.2rem;
  font-size: 0.8rem;
}

.c0 {
  display: grid;
  grid-template-rows: 1.25rem minmax(2.5rem,auto) minmax(2.1rem,auto);
  box-sizing: border-box;
}

<div>
  <form>
    <div
      class="c0"
    >
      <label
        class="c1"
        for="name"
      >
        Foo label
      </label>
      <input
        aria-describedby="name_describedby"
        aria-invalid="false"
        class="c2"
        id="name"
        name="name"
        type="text"
        value=""
      />
      <div
        class="c3"
      />
    </div>
  </form>
</div>
`;
